-1 -1 -1 -1 
-1 -1 -1 -1 
-1 -1 -1 96 
-1 -1 77 96 
